N s1 t00 {'threads': 3, 'batch': 128, 'ubatch': 256, 'fa': 'on', 'ctv': 'f16'} -> ok pp=112.111569
N s1 t01 {'threads': 2, 'batch': 256, 'ubatch': 256, 'fa': 'off', 'ctv': 'q8_0'} -> failed pp=None
N s1 t02 {'threads': 4, 'batch': 128, 'ubatch': 64, 'fa': 'off', 'ctv': 'f16'} -> ok pp=76.05467
N s1 t03 {'threads': 3, 'batch': 256, 'ubatch': 128, 'fa': 'on', 'ctv': 'q8_0'} -> ok pp=80.511189
N s1 t04 {'threads': 4, 'batch': 256, 'ubatch': 128, 'fa': 'off', 'ctv': 'f16'} -> ok pp=93.076016
N s1 t05 {'threads': 3, 'batch': 128, 'ubatch': 256, 'fa': 'on', 'ctv': 'f16'} -> ok pp=112.412049
N s1 t06 {'threads': 4, 'batch': 512, 'ubatch': 256, 'fa': 'on', 'ctv': 'f16'} -> ok pp=135.21579
N s1 t07 {'threads': 4, 'batch': 512, 'ubatch': 256, 'fa': 'on', 'ctv': 'f16'} -> ok pp=138.072518
N s1 t08 {'threads': 4, 'batch': 512, 'ubatch': 64, 'fa': 'on', 'ctv': 'q8_0'} -> ok pp=121.494623
N s1 t09 {'threads': 2, 'batch': 512, 'ubatch': 128, 'fa': 'on', 'ctv': 'f16'} -> ok pp=82.617517
N s1 t10 {'threads': 2, 'batch': 512, 'ubatch': 256, 'fa': 'off', 'ctv': 'f16'} -> ok pp=78.693943
N s1 t11 {'threads': 4, 'batch': 512, 'ubatch': 256, 'fa': 'on', 'ctv': 'f16'} -> ok pp=121.983503
N s1 t12 {'threads': 2, 'batch': 512, 'ubatch': 256, 'fa': 'on', 'ctv': 'q8_0'} -> ok pp=74.190083
N s1 t13 {'threads': 4, 'batch': 512, 'ubatch': 256, 'fa': 'off', 'ctv': 'q8_0'} -> failed pp=None
N s1 t14 {'threads': 4, 'batch': 256, 'ubatch': 64, 'fa': 'on', 'ctv': 'f16'} -> ok pp=130.52458
N s1 t15 {'threads': 4, 'batch': 128, 'ubatch': 128, 'fa': 'on', 'ctv': 'f16'} -> ok pp=103.619975
N s1 t16 {'threads': 4, 'batch': 256, 'ubatch': 256, 'fa': 'on', 'ctv': 'f16'} -> ok pp=114.735131
N s1 t17 {'threads': 4, 'batch': 512, 'ubatch': 256, 'fa': 'off', 'ctv': 'f16'} -> ok pp=85.846451
N s1 t18 {'threads': 4, 'batch': 128, 'ubatch': 256, 'fa': 'on', 'ctv': 'q8_0'} -> ok pp=69.937486
N s1 t19 {'threads': 3, 'batch': 512, 'ubatch': 64, 'fa': 'on', 'ctv': 'f16'} -> ok pp=82.130495
N s2 t00 {'threads': 4, 'batch': 128, 'ubatch': 128, 'fa': 'off', 'ctv': 'f16'} -> ok pp=83.467177
N s2 t01 {'threads': 4, 'batch': 128, 'ubatch': 128, 'fa': 'on', 'ctv': 'q8_0'} -> ok pp=82.668782
N s2 t02 {'threads': 2, 'batch': 256, 'ubatch': 64, 'fa': 'off', 'ctv': 'f16'} -> ok pp=71.410811
N s2 t03 {'threads': 3, 'batch': 128, 'ubatch': 256, 'fa': 'off', 'ctv': 'f16'} -> ok pp=85.593718
N s2 t04 {'threads': 3, 'batch': 256, 'ubatch': 64, 'fa': 'off', 'ctv': 'q8_0'} -> failed pp=None
N s2 t05 {'threads': 3, 'batch': 128, 'ubatch': 256, 'fa': 'off', 'ctv': 'f16'} -> ok pp=87.564023
N s2 t06 {'threads': 4, 'batch': 512, 'ubatch': 256, 'fa': 'on', 'ctv': 'f16'} -> ok pp=94.510128
N s2 t07 {'threads': 2, 'batch': 512, 'ubatch': 256, 'fa': 'on', 'ctv': 'f16'} -> ok pp=75.368753
N s2 t08 {'threads': 4, 'batch': 512, 'ubatch': 256, 'fa': 'on', 'ctv': 'f16'} -> ok pp=95.584354
N s2 t09 {'threads': 4, 'batch': 256, 'ubatch': 256, 'fa': 'on', 'ctv': 'q8_0'} -> ok pp=86.40448
N s2 t10 {'threads': 3, 'batch': 512, 'ubatch': 128, 'fa': 'on', 'ctv': 'f16'} -> ok pp=112.901077
N s2 t11 {'threads': 3, 'batch': 512, 'ubatch': 128, 'fa': 'on', 'ctv': 'f16'} -> ok pp=110.516384
N s2 t12 {'threads': 3, 'batch': 512, 'ubatch': 128, 'fa': 'on', 'ctv': 'f16'} -> ok pp=86.958512
N s2 t13 {'threads': 3, 'batch': 512, 'ubatch': 128, 'fa': 'off', 'ctv': 'q8_0'} -> failed pp=None
N s2 t14 {'threads': 2, 'batch': 256, 'ubatch': 128, 'fa': 'on', 'ctv': 'f16'} -> ok pp=75.747545
N s2 t15 {'threads': 3, 'batch': 512, 'ubatch': 64, 'fa': 'on', 'ctv': 'f16'} -> ok pp=120.048019
N s2 t16 {'threads': 3, 'batch': 512, 'ubatch': 64, 'fa': 'on', 'ctv': 'q8_0'} -> ok pp=97.899595
N s2 t17 {'threads': 3, 'batch': 256, 'ubatch': 64, 'fa': 'on', 'ctv': 'f16'} -> ok pp=108.236123
N s2 t18 {'threads': 3, 'batch': 512, 'ubatch': 64, 'fa': 'off', 'ctv': 'f16'} -> ok pp=79.975987
N s2 t19 {'threads': 3, 'batch': 512, 'ubatch': 64, 'fa': 'on', 'ctv': 'f16'} -> ok pp=81.987492
N s3 t00 {'threads': 3, 'batch': 512, 'ubatch': 128, 'fa': 'on', 'ctv': 'q8_0'} -> ok pp=100.940732
N s3 t01 {'threads': 3, 'batch': 256, 'ubatch': 256, 'fa': 'on', 'ctv': 'q8_0'} -> ok pp=103.850177
N s3 t02 {'threads': 4, 'batch': 256, 'ubatch': 64, 'fa': 'off', 'ctv': 'f16'} -> ok pp=90.602539
N s3 t03 {'threads': 4, 'batch': 512, 'ubatch': 64, 'fa': 'off', 'ctv': 'f16'} -> ok pp=117.139103
N s3 t04 {'threads': 2, 'batch': 512, 'ubatch': 64, 'fa': 'on', 'ctv': 'f16'} -> ok pp=80.257086
N s3 t05 {'threads': 4, 'batch': 512, 'ubatch': 256, 'fa': 'off', 'ctv': 'f16'} -> ok pp=129.014844
N s3 t06 {'threads': 4, 'batch': 128, 'ubatch': 256, 'fa': 'off', 'ctv': 'f16'} -> ok pp=132.341291
N s3 t07 {'threads': 2, 'batch': 128, 'ubatch': 256, 'fa': 'off', 'ctv': 'f16'} -> ok pp=84.564554
N s3 t08 {'threads': 4, 'batch': 128, 'ubatch': 256, 'fa': 'on', 'ctv': 'f16'} -> ok pp=118.794154
N s3 t09 {'threads': 4, 'batch': 128, 'ubatch': 128, 'fa': 'off', 'ctv': 'f16'} -> ok pp=87.264978
N s3 t10 {'threads': 3, 'batch': 128, 'ubatch': 256, 'fa': 'off', 'ctv': 'f16'} -> ok pp=94.11409
N s3 t11 {'threads': 4, 'batch': 512, 'ubatch': 256, 'fa': 'off', 'ctv': 'q8_0'} -> failed pp=None
N s3 t12 {'threads': 4, 'batch': 512, 'ubatch': 256, 'fa': 'off', 'ctv': 'f16'} -> ok pp=91.952414
N s3 t13 {'threads': 4, 'batch': 128, 'ubatch': 256, 'fa': 'off', 'ctv': 'f16'} -> ok pp=86.758886
N s3 t14 {'threads': 2, 'batch': 512, 'ubatch': 128, 'fa': 'off', 'ctv': 'f16'} -> ok pp=69.364285
N s3 t15 {'threads': 4, 'batch': 128, 'ubatch': 64, 'fa': 'off', 'ctv': 'q8_0'} -> failed pp=None
N s3 t16 {'threads': 3, 'batch': 256, 'ubatch': 128, 'fa': 'off', 'ctv': 'f16'} -> ok pp=76.977388
N s3 t17 {'threads': 4, 'batch': 512, 'ubatch': 128, 'fa': 'on', 'ctv': 'f16'} -> ok pp=98.257233
N s3 t18 {'threads': 4, 'batch': 256, 'ubatch': 256, 'fa': 'off', 'ctv': 'f16'} -> ok pp=102.081118
N s3 t19 {'threads': 3, 'batch': 512, 'ubatch': 256, 'fa': 'on', 'ctv': 'f16'} -> ok pp=96.662807
N s4 t00 {'threads': 4, 'batch': 128, 'ubatch': 64, 'fa': 'off', 'ctv': 'q8_0'} -> failed pp=None
N s4 t01 {'threads': 2, 'batch': 256, 'ubatch': 64, 'fa': 'off', 'ctv': 'f16'} -> ok pp=81.028831
N s4 t02 {'threads': 4, 'batch': 512, 'ubatch': 64, 'fa': 'on', 'ctv': 'f16'} -> ok pp=108.582232
N s4 t03 {'threads': 2, 'batch': 128, 'ubatch': 128, 'fa': 'off', 'ctv': 'f16'} -> ok pp=73.490357
N s4 t04 {'threads': 2, 'batch': 256, 'ubatch': 256, 'fa': 'on', 'ctv': 'q8_0'} -> ok pp=67.509111
N s4 t05 {'threads': 4, 'batch': 512, 'ubatch': 64, 'fa': 'on', 'ctv': 'f16'} -> ok pp=89.76059
N s4 t06 {'threads': 3, 'batch': 512, 'ubatch': 256, 'fa': 'on', 'ctv': 'f16'} -> ok pp=93.634748
N s4 t07 {'threads': 4, 'batch': 512, 'ubatch': 128, 'fa': 'on', 'ctv': 'q8_0'} -> ok pp=88.716795
N s4 t08 {'threads': 4, 'batch': 256, 'ubatch': 128, 'fa': 'on', 'ctv': 'f16'} -> ok pp=96.53679
N s4 t09 {'threads': 4, 'batch': 128, 'ubatch': 256, 'fa': 'on', 'ctv': 'f16'} -> ok pp=102.056692
N s4 t10 {'threads': 3, 'batch': 512, 'ubatch': 64, 'fa': 'on', 'ctv': 'q8_0'} -> ok pp=77.640767
N s4 t11 {'threads': 4, 'batch': 128, 'ubatch': 256, 'fa': 'on', 'ctv': 'f16'} -> ok pp=95.520865
N s4 t12 {'threads': 4, 'batch': 512, 'ubatch': 256, 'fa': 'off', 'ctv': 'f16'} -> ok pp=97.074922
N s4 t13 {'threads': 2, 'batch': 128, 'ubatch': 64, 'fa': 'on', 'ctv': 'f16'} -> ok pp=84.66984
N s4 t14 {'threads': 3, 'batch': 128, 'ubatch': 128, 'fa': 'on', 'ctv': 'f16'} -> ok pp=113.07364
N s4 t15 {'threads': 3, 'batch': 128, 'ubatch': 128, 'fa': 'on', 'ctv': 'f16'} -> ok pp=106.675241
N s4 t16 {'threads': 3, 'batch': 256, 'ubatch': 128, 'fa': 'off', 'ctv': 'f16'} -> ok pp=113.835378
N s4 t17 {'threads': 3, 'batch': 256, 'ubatch': 128, 'fa': 'on', 'ctv': 'q8_0'} -> ok pp=108.112684
N s4 t18 {'threads': 3, 'batch': 512, 'ubatch': 128, 'fa': 'off', 'ctv': 'f16'} -> ok pp=113.970365
N s4 t19 {'threads': 3, 'batch': 256, 'ubatch': 128, 'fa': 'off', 'ctv': 'f16'} -> ok pp=104.678863
N s5 t00 {'threads': 3, 'batch': 128, 'ubatch': 64, 'fa': 'on', 'ctv': 'f16'} -> ok pp=114.057834
N s5 t01 {'threads': 3, 'batch': 512, 'ubatch': 128, 'fa': 'on', 'ctv': 'f16'} -> ok pp=111.594676
N s5 t02 {'threads': 3, 'batch': 512, 'ubatch': 128, 'fa': 'on', 'ctv': 'q8_0'} -> ok pp=92.62868
N s5 t03 {'threads': 2, 'batch': 256, 'ubatch': 128, 'fa': 'on', 'ctv': 'f16'} -> ok pp=84.888543
N s5 t04 {'threads': 4, 'batch': 256, 'ubatch': 64, 'fa': 'off', 'ctv': 'f16'} -> ok pp=126.721531
N s5 t05 {'threads': 4, 'batch': 256, 'ubatch': 64, 'fa': 'off', 'ctv': 'q8_0'} -> failed pp=None
N s5 t06 {'threads': 4, 'batch': 256, 'ubatch': 64, 'fa': 'off', 'ctv': 'f16'} -> ok pp=111.685858
N s5 t07 {'threads': 3, 'batch': 256, 'ubatch': 256, 'fa': 'off', 'ctv': 'f16'} -> ok pp=104.63015
N s5 t08 {'threads': 4, 'batch': 512, 'ubatch': 64, 'fa': 'on', 'ctv': 'f16'} -> ok pp=82.276833
N s5 t09 {'threads': 4, 'batch': 128, 'ubatch': 128, 'fa': 'off', 'ctv': 'f16'} -> ok pp=131.015487
N s5 t10 {'threads': 4, 'batch': 128, 'ubatch': 128, 'fa': 'off', 'ctv': 'f16'} -> ok pp=128.197952
N s5 t11 {'threads': 4, 'batch': 128, 'ubatch': 128, 'fa': 'off', 'ctv': 'f16'} -> ok pp=127.300419
N s5 t12 {'threads': 4, 'batch': 128, 'ubatch': 256, 'fa': 'off', 'ctv': 'f16'} -> ok pp=115.092059
N s5 t13 {'threads': 3, 'batch': 128, 'ubatch': 128, 'fa': 'off', 'ctv': 'q8_0'} -> failed pp=None
N s5 t14 {'threads': 4, 'batch': 512, 'ubatch': 128, 'fa': 'off', 'ctv': 'f16'} -> ok pp=49.442578
N s5 t15 {'threads': 2, 'batch': 128, 'ubatch': 128, 'fa': 'off', 'ctv': 'f16'} -> ok pp=82.180766
N s5 t16 {'threads': 4, 'batch': 128, 'ubatch': 128, 'fa': 'on', 'ctv': 'f16'} -> ok pp=133.118227
N s5 t17 {'threads': 4, 'batch': 128, 'ubatch': 128, 'fa': 'on', 'ctv': 'q8_0'} -> ok pp=121.771204
N s5 t18 {'threads': 4, 'batch': 128, 'ubatch': 128, 'fa': 'on', 'ctv': 'f16'} -> ok pp=119.334486
N s5 t19 {'threads': 2, 'batch': 256, 'ubatch': 64, 'fa': 'on', 'ctv': 'q8_0'} -> ok pp=81.209651
M s1 t00 {'threads': 3, 'batch': 128, 'ubatch': 64, 'fa': 'on', 'ctv': 'f16'} -> ok pp=119.31979
M s1 t01 {'threads': 2, 'batch': 512, 'ubatch': 64, 'fa': 'off', 'ctv': 'f16'} -> ok pp=81.674018
M s1 t02 {'threads': 3, 'batch': 256, 'ubatch': 64, 'fa': 'on', 'ctv': 'q8_0'} -> ok pp=103.884057
M s1 t03 {'threads': 4, 'batch': 512, 'ubatch': 64, 'fa': 'off', 'ctv': 'q8_0'} -> failed pp=None
M s1 t04 {'threads': 4, 'batch': 512, 'ubatch': 256, 'fa': 'on', 'ctv': 'q8_0'} -> ok pp=115.641719
M s1 t05 {'threads': 3, 'batch': 128, 'ubatch': 64, 'fa': 'on', 'ctv': 'f16'} -> ok pp=120.082042
M s1 t06 {'threads': 4, 'batch': 128, 'ubatch': 128, 'fa': 'on', 'ctv': 'f16'} -> ok pp=132.716387
M s1 t07 {'threads': 4, 'batch': 128, 'ubatch': 128, 'fa': 'on', 'ctv': 'f16'} -> ok pp=131.217111
M s1 t08 {'threads': 4, 'batch': 256, 'ubatch': 128, 'fa': 'off', 'ctv': 'f16'} -> ok pp=126.919382
M s1 t09 {'threads': 3, 'batch': 512, 'ubatch': 128, 'fa': 'on', 'ctv': 'f16'} -> ok pp=113.423065
M s1 t10 {'threads': 2, 'batch': 128, 'ubatch': 128, 'fa': 'off', 'ctv': 'q8_0'} -> failed pp=None
M s1 t11 {'threads': 4, 'batch': 128, 'ubatch': 128, 'fa': 'on', 'ctv': 'f16'} -> ok pp=134.457312
M s1 t12 {'threads': 4, 'batch': 128, 'ubatch': 128, 'fa': 'on', 'ctv': 'q8_0'} -> ok pp=108.381038
M s1 t13 {'threads': 4, 'batch': 256, 'ubatch': 64, 'fa': 'on', 'ctv': 'f16'} -> ok pp=123.85261
M s1 t14 {'threads': 2, 'batch': 128, 'ubatch': 128, 'fa': 'on', 'ctv': 'f16'} -> ok pp=83.430614
M s1 t15 {'threads': 3, 'batch': 128, 'ubatch': 64, 'fa': 'off', 'ctv': 'f16'} -> ok pp=108.04677
M s1 t16 {'threads': 4, 'batch': 128, 'ubatch': 64, 'fa': 'on', 'ctv': 'f16'} -> ok pp=131.722401
M s1 t17 {'threads': 4, 'batch': 128, 'ubatch': 128, 'fa': 'off', 'ctv': 'f16'} -> ok pp=127.398999
M s1 t18 {'threads': 2, 'batch': 256, 'ubatch': 256, 'fa': 'on', 'ctv': 'f16'} -> ok pp=84.181084
M s1 t19 {'threads': 4, 'batch': 256, 'ubatch': 128, 'fa': 'on', 'ctv': 'f16'} -> ok pp=132.471626
M s2 t00 {'threads': 4, 'batch': 128, 'ubatch': 128, 'fa': 'off', 'ctv': 'f16'} -> ok pp=130.530835
M s2 t01 {'threads': 4, 'batch': 128, 'ubatch': 128, 'fa': 'on', 'ctv': 'q8_0'} -> ok pp=119.164107
M s2 t02 {'threads': 2, 'batch': 256, 'ubatch': 64, 'fa': 'off', 'ctv': 'f16'} -> ok pp=80.433351
M s2 t03 {'threads': 3, 'batch': 128, 'ubatch': 128, 'fa': 'off', 'ctv': 'f16'} -> ok pp=99.782871
M s2 t04 {'threads': 2, 'batch': 256, 'ubatch': 64, 'fa': 'off', 'ctv': 'f16'} -> ok pp=82.499673
M s2 t05 {'threads': 4, 'batch': 128, 'ubatch': 128, 'fa': 'off', 'ctv': 'f16'} -> ok pp=122.679248
M s2 t06 {'threads': 4, 'batch': 512, 'ubatch': 256, 'fa': 'on', 'ctv': 'f16'} -> ok pp=133.817879
M s2 t07 {'threads': 2, 'batch': 512, 'ubatch': 256, 'fa': 'on', 'ctv': 'f16'} -> ok pp=77.670363
M s2 t08 {'threads': 4, 'batch': 512, 'ubatch': 256, 'fa': 'on', 'ctv': 'f16'} -> ok pp=138.161117
M s2 t09 {'threads': 3, 'batch': 512, 'ubatch': 64, 'fa': 'on', 'ctv': 'q8_0'} -> ok pp=106.999066
M s2 t10 {'threads': 4, 'batch': 512, 'ubatch': 256, 'fa': 'off', 'ctv': 'q8_0'} -> failed pp=None
M s2 t11 {'threads': 4, 'batch': 256, 'ubatch': 256, 'fa': 'on', 'ctv': 'f16'} -> ok pp=133.067314
M s2 t12 {'threads': 4, 'batch': 512, 'ubatch': 256, 'fa': 'on', 'ctv': 'f16'} -> ok pp=112.280239
M s2 t13 {'threads': 4, 'batch': 512, 'ubatch': 64, 'fa': 'on', 'ctv': 'f16'} -> ok pp=128.181108
M s2 t14 {'threads': 3, 'batch': 512, 'ubatch': 256, 'fa': 'on', 'ctv': 'f16'} -> ok pp=114.534111
M s2 t15 {'threads': 4, 'batch': 512, 'ubatch': 256, 'fa': 'on', 'ctv': 'q8_0'} -> ok pp=115.974374
M s2 t16 {'threads': 4, 'batch': 512, 'ubatch': 256, 'fa': 'off', 'ctv': 'f16'} -> ok pp=111.777946
M s2 t17 {'threads': 2, 'batch': 128, 'ubatch': 128, 'fa': 'on', 'ctv': 'f16'} -> ok pp=87.286928
M s2 t18 {'threads': 4, 'batch': 512, 'ubatch': 128, 'fa': 'on', 'ctv': 'f16'} -> ok pp=92.20251
M s2 t19 {'threads': 4, 'batch': 128, 'ubatch': 64, 'fa': 'on', 'ctv': 'f16'} -> ok pp=116.032699
M s3 t00 {'threads': 3, 'batch': 512, 'ubatch': 128, 'fa': 'on', 'ctv': 'q8_0'} -> ok pp=104.097099
M s3 t01 {'threads': 3, 'batch': 256, 'ubatch': 256, 'fa': 'on', 'ctv': 'q8_0'} -> ok pp=103.821768
M s3 t02 {'threads': 4, 'batch': 256, 'ubatch': 64, 'fa': 'off', 'ctv': 'f16'} -> ok pp=120.391572
M s3 t03 {'threads': 4, 'batch': 512, 'ubatch': 64, 'fa': 'off', 'ctv': 'f16'} -> ok pp=111.526713
M s3 t04 {'threads': 2, 'batch': 512, 'ubatch': 64, 'fa': 'on', 'ctv': 'f16'} -> ok pp=87.270601
M s3 t05 {'threads': 4, 'batch': 256, 'ubatch': 128, 'fa': 'off', 'ctv': 'f16'} -> ok pp=122.918406
M s3 t06 {'threads': 4, 'batch': 256, 'ubatch': 128, 'fa': 'off', 'ctv': 'q8_0'} -> failed pp=None
M s3 t07 {'threads': 2, 'batch': 256, 'ubatch': 128, 'fa': 'off', 'ctv': 'f16'} -> ok pp=81.57723
M s3 t08 {'threads': 4, 'batch': 256, 'ubatch': 128, 'fa': 'on', 'ctv': 'f16'} -> ok pp=137.700631
M s3 t09 {'threads': 4, 'batch': 256, 'ubatch': 256, 'fa': 'on', 'ctv': 'f16'} -> ok pp=135.484058
M s3 t10 {'threads': 4, 'batch': 128, 'ubatch': 128, 'fa': 'on', 'ctv': 'f16'} -> ok pp=134.680836
M s3 t11 {'threads': 4, 'batch': 256, 'ubatch': 256, 'fa': 'on', 'ctv': 'f16'} -> ok pp=131.690757
M s3 t12 {'threads': 3, 'batch': 256, 'ubatch': 128, 'fa': 'on', 'ctv': 'f16'} -> ok pp=112.425585
M s3 t13 {'threads': 4, 'batch': 256, 'ubatch': 64, 'fa': 'on', 'ctv': 'q8_0'} -> ok pp=125.139558
M s3 t14 {'threads': 4, 'batch': 256, 'ubatch': 128, 'fa': 'on', 'ctv': 'f16'} -> ok pp=115.086311
M s3 t15 {'threads': 4, 'batch': 512, 'ubatch': 256, 'fa': 'on', 'ctv': 'f16'} -> ok pp=132.789721
M s3 t16 {'threads': 3, 'batch': 128, 'ubatch': 64, 'fa': 'on', 'ctv': 'f16'} -> ok pp=110.039136
M s3 t17 {'threads': 2, 'batch': 512, 'ubatch': 256, 'fa': 'off', 'ctv': 'q8_0'} -> failed pp=None
M s3 t18 {'threads': 4, 'batch': 128, 'ubatch': 128, 'fa': 'on', 'ctv': 'q8_0'} -> ok pp=122.245648
M s3 t19 {'threads': 2, 'batch': 256, 'ubatch': 256, 'fa': 'on', 'ctv': 'f16'} -> ok pp=84.242755
M s4 t00 {'threads': 4, 'batch': 128, 'ubatch': 64, 'fa': 'off', 'ctv': 'q8_0'} -> failed pp=None
M s4 t01 {'threads': 2, 'batch': 256, 'ubatch': 64, 'fa': 'off', 'ctv': 'f16'} -> ok pp=84.444072
M s4 t02 {'threads': 4, 'batch': 512, 'ubatch': 64, 'fa': 'on', 'ctv': 'f16'} -> ok pp=120.336482
M s4 t03 {'threads': 2, 'batch': 128, 'ubatch': 128, 'fa': 'off', 'ctv': 'f16'} -> ok pp=80.73734
M s4 t04 {'threads': 2, 'batch': 256, 'ubatch': 256, 'fa': 'on', 'ctv': 'q8_0'} -> ok pp=74.270862
M s4 t05 {'threads': 4, 'batch': 512, 'ubatch': 64, 'fa': 'on', 'ctv': 'f16'} -> ok pp=130.192601
M s4 t06 {'threads': 3, 'batch': 512, 'ubatch': 256, 'fa': 'on', 'ctv': 'f16'} -> ok pp=103.149118
M s4 t07 {'threads': 4, 'batch': 512, 'ubatch': 128, 'fa': 'on', 'ctv': 'q8_0'} -> ok pp=124.104616
M s4 t08 {'threads': 4, 'batch': 256, 'ubatch': 128, 'fa': 'on', 'ctv': 'f16'} -> ok pp=134.021877
M s4 t09 {'threads': 4, 'batch': 256, 'ubatch': 128, 'fa': 'on', 'ctv': 'f16'} -> ok pp=119.953282
M s4 t10 {'threads': 3, 'batch': 256, 'ubatch': 128, 'fa': 'on', 'ctv': 'q8_0'} -> ok pp=108.785305
M s4 t11 {'threads': 4, 'batch': 512, 'ubatch': 128, 'fa': 'off', 'ctv': 'f16'} -> ok pp=124.723379
M s4 t12 {'threads': 4, 'batch': 128, 'ubatch': 128, 'fa': 'on', 'ctv': 'f16'} -> ok pp=136.212271
M s4 t13 {'threads': 2, 'batch': 128, 'ubatch': 128, 'fa': 'on', 'ctv': 'f16'} -> ok pp=82.346059
M s4 t14 {'threads': 4, 'batch': 128, 'ubatch': 128, 'fa': 'on', 'ctv': 'f16'} -> ok pp=106.67957
M s4 t15 {'threads': 4, 'batch': 256, 'ubatch': 256, 'fa': 'off', 'ctv': 'f16'} -> ok pp=131.760557
M s4 t16 {'threads': 3, 'batch': 128, 'ubatch': 64, 'fa': 'on', 'ctv': 'f16'} -> ok pp=112.09939
M s4 t17 {'threads': 4, 'batch': 128, 'ubatch': 64, 'fa': 'on', 'ctv': 'q8_0'} -> ok pp=124.500126
M s4 t18 {'threads': 4, 'batch': 128, 'ubatch': 128, 'fa': 'on', 'ctv': 'f16'} -> ok pp=130.133896
M s4 t19 {'threads': 4, 'batch': 256, 'ubatch': 128, 'fa': 'off', 'ctv': 'q8_0'} -> failed pp=None
M s5 t00 {'threads': 3, 'batch': 128, 'ubatch': 64, 'fa': 'on', 'ctv': 'f16'} -> ok pp=144.351014
M s5 t01 {'threads': 3, 'batch': 512, 'ubatch': 128, 'fa': 'on', 'ctv': 'f16'} -> ok pp=151.352484
M s5 t02 {'threads': 3, 'batch': 512, 'ubatch': 128, 'fa': 'on', 'ctv': 'q8_0'} -> ok pp=136.852114
M s5 t03 {'threads': 2, 'batch': 256, 'ubatch': 128, 'fa': 'on', 'ctv': 'f16'} -> ok pp=104.58685
M s5 t04 {'threads': 4, 'batch': 256, 'ubatch': 64, 'fa': 'off', 'ctv': 'f16'} -> ok pp=174.456161
M s5 t05 {'threads': 4, 'batch': 256, 'ubatch': 64, 'fa': 'off', 'ctv': 'q8_0'} -> failed pp=None
M s5 t06 {'threads': 4, 'batch': 256, 'ubatch': 64, 'fa': 'off', 'ctv': 'f16'} -> ok pp=175.381723
M s5 t07 {'threads': 3, 'batch': 256, 'ubatch': 256, 'fa': 'off', 'ctv': 'f16'} -> ok pp=146.964041
M s5 t08 {'threads': 4, 'batch': 512, 'ubatch': 64, 'fa': 'on', 'ctv': 'f16'} -> ok pp=180.587952
M s5 t09 {'threads': 4, 'batch': 512, 'ubatch': 64, 'fa': 'on', 'ctv': 'f16'} -> ok pp=179.733629
M s5 t10 {'threads': 4, 'batch': 128, 'ubatch': 64, 'fa': 'on', 'ctv': 'q8_0'} -> ok pp=168.024007
M s5 t11 {'threads': 4, 'batch': 512, 'ubatch': 64, 'fa': 'on', 'ctv': 'f16'} -> ok pp=180.232583
M s5 t12 {'threads': 4, 'batch': 512, 'ubatch': 256, 'fa': 'on', 'ctv': 'f16'} -> ok pp=185.829609
M s5 t13 {'threads': 4, 'batch': 512, 'ubatch': 256, 'fa': 'on', 'ctv': 'q8_0'} -> ok pp=165.877044
M s5 t14 {'threads': 4, 'batch': 512, 'ubatch': 256, 'fa': 'on', 'ctv': 'f16'} -> ok pp=184.090674
M s5 t15 {'threads': 4, 'batch': 128, 'ubatch': 64, 'fa': 'on', 'ctv': 'f16'} -> ok pp=180.372008
M s5 t16 {'threads': 2, 'batch': 512, 'ubatch': 256, 'fa': 'on', 'ctv': 'f16'} -> ok pp=104.99083
M s5 t17 {'threads': 3, 'batch': 512, 'ubatch': 256, 'fa': 'on', 'ctv': 'f16'} -> ok pp=153.109233
M s5 t18 {'threads': 4, 'batch': 512, 'ubatch': 256, 'fa': 'on', 'ctv': 'f16'} -> ok pp=185.424262
M s5 t19 {'threads': 4, 'batch': 256, 'ubatch': 256, 'fa': 'on', 'ctv': 'f16'} -> ok pp=186.447632
A s1 t00 {'threads': 3, 'batch': 128, 'ubatch': 256, 'fa': 'on', 'ctv': 'f16'} -> ok pp=151.663198
A s1 t01 {'threads': 2, 'batch': 256, 'ubatch': 256, 'fa': 'on', 'ctv': 'q8_0'} -> ok pp=90.907818
A s1 t02 {'threads': 4, 'batch': 128, 'ubatch': 64, 'fa': 'off', 'ctv': 'f16'} -> ok pp=177.444637
A s1 t03 {'threads': 3, 'batch': 256, 'ubatch': 128, 'fa': 'on', 'ctv': 'q8_0'} -> ok pp=137.019229
A s1 t04 {'threads': 4, 'batch': 256, 'ubatch': 128, 'fa': 'off', 'ctv': 'f16'} -> ok pp=179.31695
A s1 t05 {'threads': 4, 'batch': 256, 'ubatch': 128, 'fa': 'off', 'ctv': 'f16'} -> ok pp=179.323532
A s1 t06 {'threads': 4, 'batch': 512, 'ubatch': 256, 'fa': 'off', 'ctv': 'f16'} -> ok pp=179.450566
A s1 t07 {'threads': 4, 'batch': 512, 'ubatch': 256, 'fa': 'off', 'ctv': 'f16'} -> ok pp=178.082369
A s1 t08 {'threads': 4, 'batch': 512, 'ubatch': 64, 'fa': 'on', 'ctv': 'q8_0'} -> ok pp=169.774422
A s1 t09 {'threads': 2, 'batch': 512, 'ubatch': 128, 'fa': 'on', 'ctv': 'f16'} -> ok pp=104.712565
A s1 t10 {'threads': 4, 'batch': 128, 'ubatch': 256, 'fa': 'on', 'ctv': 'q8_0'} -> ok pp=168.163342
A s1 t11 {'threads': 4, 'batch': 256, 'ubatch': 256, 'fa': 'on', 'ctv': 'f16'} -> ok pp=187.149059
A s1 t12 {'threads': 4, 'batch': 512, 'ubatch': 256, 'fa': 'on', 'ctv': 'f16'} -> ok pp=186.475921
A s1 t13 {'threads': 4, 'batch': 256, 'ubatch': 64, 'fa': 'on', 'ctv': 'f16'} -> ok pp=182.04108
A s1 t14 {'threads': 4, 'batch': 256, 'ubatch': 256, 'fa': 'on', 'ctv': 'f16'} -> ok pp=168.093945
A s1 t15 {'threads': 4, 'batch': 512, 'ubatch': 256, 'fa': 'on', 'ctv': 'f16'} -> ok pp=186.634071
A s1 t16 {'threads': 4, 'batch': 128, 'ubatch': 256, 'fa': 'on', 'ctv': 'f16'} -> ok pp=183.880952
A s1 t17 {'threads': 3, 'batch': 512, 'ubatch': 256, 'fa': 'on', 'ctv': 'q8_0'} -> ok pp=136.62931
A s1 t18 {'threads': 3, 'batch': 512, 'ubatch': 64, 'fa': 'off', 'ctv': 'f16'} -> ok pp=145.506953
A s1 t19 {'threads': 2, 'batch': 128, 'ubatch': 64, 'fa': 'on', 'ctv': 'f16'} -> ok pp=102.896728
A s2 t00 {'threads': 4, 'batch': 128, 'ubatch': 128, 'fa': 'off', 'ctv': 'f16'} -> ok pp=179.245148
A s2 t01 {'threads': 4, 'batch': 128, 'ubatch': 128, 'fa': 'on', 'ctv': 'q8_0'} -> ok pp=166.517375
A s2 t02 {'threads': 2, 'batch': 256, 'ubatch': 64, 'fa': 'off', 'ctv': 'f16'} -> ok pp=99.68687
A s2 t03 {'threads': 3, 'batch': 128, 'ubatch': 256, 'fa': 'off', 'ctv': 'f16'} -> ok pp=146.929619
A s2 t04 {'threads': 3, 'batch': 256, 'ubatch': 64, 'fa': 'on', 'ctv': 'q8_0'} -> ok pp=139.767799
A s2 t05 {'threads': 4, 'batch': 128, 'ubatch': 128, 'fa': 'off', 'ctv': 'f16'} -> ok pp=171.480054
A s2 t06 {'threads': 4, 'batch': 512, 'ubatch': 256, 'fa': 'on', 'ctv': 'f16'} -> ok pp=187.131001
A s2 t07 {'threads': 2, 'batch': 512, 'ubatch': 256, 'fa': 'on', 'ctv': 'f16'} -> ok pp=104.48699
A s2 t08 {'threads': 4, 'batch': 512, 'ubatch': 256, 'fa': 'on', 'ctv': 'f16'} -> ok pp=188.259408
A s2 t09 {'threads': 4, 'batch': 256, 'ubatch': 256, 'fa': 'on', 'ctv': 'q8_0'} -> ok pp=170.771861
A s2 t10 {'threads': 3, 'batch': 512, 'ubatch': 128, 'fa': 'on', 'ctv': 'f16'} -> ok pp=153.08624
A s2 t11 {'threads': 4, 'batch': 512, 'ubatch': 256, 'fa': 'on', 'ctv': 'f16'} -> ok pp=187.68177
A s2 t12 {'threads': 4, 'batch': 512, 'ubatch': 256, 'fa': 'off', 'ctv': 'f16'} -> ok pp=179.71274
A s2 t13 {'threads': 4, 'batch': 512, 'ubatch': 64, 'fa': 'on', 'ctv': 'f16'} -> ok pp=184.46433
A s2 t14 {'threads': 4, 'batch': 128, 'ubatch': 256, 'fa': 'on', 'ctv': 'f16'} -> ok pp=184.077538
A s2 t15 {'threads': 3, 'batch': 256, 'ubatch': 256, 'fa': 'on', 'ctv': 'f16'} -> ok pp=153.302777
A s2 t16 {'threads': 3, 'batch': 512, 'ubatch': 256, 'fa': 'on', 'ctv': 'q8_0'} -> ok pp=136.472755
A s2 t17 {'threads': 2, 'batch': 512, 'ubatch': 64, 'fa': 'on', 'ctv': 'q8_0'} -> ok pp=92.22509
A s2 t18 {'threads': 2, 'batch': 256, 'ubatch': 128, 'fa': 'on', 'ctv': 'f16'} -> ok pp=103.892818
A s2 t19 {'threads': 4, 'batch': 512, 'ubatch': 256, 'fa': 'on', 'ctv': 'q8_0'} -> ok pp=169.848529
A s3 t00 {'threads': 3, 'batch': 512, 'ubatch': 128, 'fa': 'on', 'ctv': 'q8_0'} -> ok pp=137.031448
A s3 t01 {'threads': 3, 'batch': 256, 'ubatch': 256, 'fa': 'on', 'ctv': 'q8_0'} -> ok pp=136.204648
A s3 t02 {'threads': 4, 'batch': 256, 'ubatch': 64, 'fa': 'off', 'ctv': 'f16'} -> ok pp=177.557348
A s3 t03 {'threads': 4, 'batch': 512, 'ubatch': 64, 'fa': 'off', 'ctv': 'f16'} -> ok pp=177.529382
A s3 t04 {'threads': 2, 'batch': 512, 'ubatch': 64, 'fa': 'on', 'ctv': 'f16'} -> ok pp=103.018369
A s3 t05 {'threads': 4, 'batch': 256, 'ubatch': 128, 'fa': 'off', 'ctv': 'f16'} -> ok pp=180.412489
A s3 t06 {'threads': 4, 'batch': 256, 'ubatch': 128, 'fa': 'on', 'ctv': 'q8_0'} -> ok pp=170.663835
A s3 t07 {'threads': 2, 'batch': 256, 'ubatch': 128, 'fa': 'off', 'ctv': 'f16'} -> ok pp=99.993094
A s3 t08 {'threads': 4, 'batch': 256, 'ubatch': 128, 'fa': 'on', 'ctv': 'f16'} -> ok pp=186.42399
A s3 t09 {'threads': 4, 'batch': 256, 'ubatch': 256, 'fa': 'on', 'ctv': 'f16'} -> ok pp=189.348339
A s3 t10 {'threads': 4, 'batch': 128, 'ubatch': 256, 'fa': 'on', 'ctv': 'f16'} -> ok pp=185.018382
A s3 t11 {'threads': 4, 'batch': 256, 'ubatch': 256, 'fa': 'on', 'ctv': 'f16'} -> ok pp=189.366817
A s3 t12 {'threads': 2, 'batch': 256, 'ubatch': 256, 'fa': 'on', 'ctv': 'f16'} -> ok pp=103.965526
A s3 t13 {'threads': 4, 'batch': 256, 'ubatch': 256, 'fa': 'on', 'ctv': 'f16'} -> ok pp=189.322019
A s3 t14 {'threads': 4, 'batch': 256, 'ubatch': 64, 'fa': 'on', 'ctv': 'q8_0'} -> ok pp=173.363767
A s3 t15 {'threads': 3, 'batch': 512, 'ubatch': 256, 'fa': 'on', 'ctv': 'f16'} -> ok pp=154.110438
A s3 t16 {'threads': 4, 'batch': 512, 'ubatch': 256, 'fa': 'on', 'ctv': 'q8_0'} -> ok pp=171.364955
A s3 t17 {'threads': 3, 'batch': 256, 'ubatch': 64, 'fa': 'on', 'ctv': 'f16'} -> ok pp=151.34708
A s3 t18 {'threads': 3, 'batch': 256, 'ubatch': 256, 'fa': 'off', 'ctv': 'f16'} -> ok pp=145.590151
A s3 t19 {'threads': 2, 'batch': 128, 'ubatch': 64, 'fa': 'on', 'ctv': 'q8_0'} -> ok pp=93.126544
A s4 t00 {'threads': 4, 'batch': 128, 'ubatch': 64, 'fa': 'on', 'ctv': 'q8_0'} -> ok pp=172.535898
A s4 t01 {'threads': 2, 'batch': 256, 'ubatch': 64, 'fa': 'off', 'ctv': 'f16'} -> ok pp=99.863363
A s4 t02 {'threads': 4, 'batch': 512, 'ubatch': 64, 'fa': 'on', 'ctv': 'f16'} -> ok pp=184.137293
A s4 t03 {'threads': 2, 'batch': 128, 'ubatch': 128, 'fa': 'off', 'ctv': 'f16'} -> ok pp=100.205822
A s4 t04 {'threads': 2, 'batch': 256, 'ubatch': 256, 'fa': 'on', 'ctv': 'q8_0'} -> ok pp=94.390122
A s4 t05 {'threads': 4, 'batch': 512, 'ubatch': 64, 'fa': 'on', 'ctv': 'f16'} -> ok pp=187.578617
A s4 t06 {'threads': 3, 'batch': 512, 'ubatch': 256, 'fa': 'on', 'ctv': 'f16'} -> ok pp=153.041664
A s4 t07 {'threads': 4, 'batch': 512, 'ubatch': 128, 'fa': 'on', 'ctv': 'q8_0'} -> ok pp=172.344219
A s4 t08 {'threads': 4, 'batch': 256, 'ubatch': 128, 'fa': 'on', 'ctv': 'f16'} -> ok pp=187.352943
A s4 t09 {'threads': 4, 'batch': 128, 'ubatch': 256, 'fa': 'on', 'ctv': 'f16'} -> ok pp=186.30105
A s4 t10 {'threads': 3, 'batch': 512, 'ubatch': 64, 'fa': 'on', 'ctv': 'q8_0'} -> ok pp=140.319743
A s4 t11 {'threads': 4, 'batch': 256, 'ubatch': 128, 'fa': 'on', 'ctv': 'f16'} -> ok pp=187.39026
A s4 t12 {'threads': 4, 'batch': 512, 'ubatch': 256, 'fa': 'off', 'ctv': 'f16'} -> ok pp=180.843617
A s4 t13 {'threads': 4, 'batch': 256, 'ubatch': 64, 'fa': 'on', 'ctv': 'q8_0'} -> ok pp=171.692161
A s4 t14 {'threads': 3, 'batch': 256, 'ubatch': 128, 'fa': 'off', 'ctv': 'f16'} -> ok pp=147.593103
A s4 t15 {'threads': 4, 'batch': 256, 'ubatch': 64, 'fa': 'on', 'ctv': 'f16'} -> ok pp=184.617311
A s4 t16 {'threads': 2, 'batch': 512, 'ubatch': 64, 'fa': 'on', 'ctv': 'f16'} -> ok pp=103.342775
A s4 t17 {'threads': 2, 'batch': 256, 'ubatch': 128, 'fa': 'on', 'ctv': 'f16'} -> ok pp=104.029036
A s4 t18 {'threads': 4, 'batch': 128, 'ubatch': 128, 'fa': 'on', 'ctv': 'f16'} -> ok pp=188.097927
A s4 t19 {'threads': 4, 'batch': 128, 'ubatch': 128, 'fa': 'on', 'ctv': 'f16'} -> ok pp=187.057806
A s5 t00 {'threads': 3, 'batch': 128, 'ubatch': 64, 'fa': 'on', 'ctv': 'f16'} -> ok pp=145.084267
A s5 t01 {'threads': 3, 'batch': 512, 'ubatch': 128, 'fa': 'on', 'ctv': 'f16'} -> ok pp=152.62386
A s5 t02 {'threads': 3, 'batch': 512, 'ubatch': 128, 'fa': 'on', 'ctv': 'q8_0'} -> ok pp=137.272827
A s5 t03 {'threads': 2, 'batch': 256, 'ubatch': 128, 'fa': 'on', 'ctv': 'f16'} -> ok pp=104.75978
A s5 t04 {'threads': 4, 'batch': 256, 'ubatch': 64, 'fa': 'off', 'ctv': 'f16'} -> ok pp=178.518393
A s5 t05 {'threads': 4, 'batch': 256, 'ubatch': 64, 'fa': 'on', 'ctv': 'q8_0'} -> ok pp=173.194603
A s5 t06 {'threads': 4, 'batch': 256, 'ubatch': 64, 'fa': 'off', 'ctv': 'f16'} -> ok pp=179.78903
A s5 t07 {'threads': 3, 'batch': 256, 'ubatch': 256, 'fa': 'off', 'ctv': 'f16'} -> ok pp=147.347017
A s5 t08 {'threads': 4, 'batch': 512, 'ubatch': 64, 'fa': 'on', 'ctv': 'f16'} -> ok pp=183.543569
A s5 t09 {'threads': 4, 'batch': 512, 'ubatch': 64, 'fa': 'on', 'ctv': 'f16'} -> ok pp=182.894779
A s5 t10 {'threads': 4, 'batch': 128, 'ubatch': 64, 'fa': 'on', 'ctv': 'q8_0'} -> ok pp=171.811122
A s5 t11 {'threads': 4, 'batch': 512, 'ubatch': 64, 'fa': 'on', 'ctv': 'f16'} -> ok pp=185.207531
A s5 t12 {'threads': 4, 'batch': 512, 'ubatch': 256, 'fa': 'on', 'ctv': 'f16'} -> ok pp=188.225105
A s5 t13 {'threads': 4, 'batch': 512, 'ubatch': 256, 'fa': 'on', 'ctv': 'q8_0'} -> ok pp=170.830969
A s5 t14 {'threads': 4, 'batch': 512, 'ubatch': 256, 'fa': 'on', 'ctv': 'f16'} -> ok pp=188.308125
A s5 t15 {'threads': 4, 'batch': 128, 'ubatch': 256, 'fa': 'on', 'ctv': 'f16'} -> ok pp=185.941919
A s5 t16 {'threads': 2, 'batch': 512, 'ubatch': 256, 'fa': 'off', 'ctv': 'f16'} -> ok pp=100.515784
A s5 t17 {'threads': 4, 'batch': 512, 'ubatch': 256, 'fa': 'on', 'ctv': 'f16'} -> ok pp=168.701033
A s5 t18 {'threads': 4, 'batch': 512, 'ubatch': 128, 'fa': 'off', 'ctv': 'f16'} -> ok pp=181.45692
A s5 t19 {'threads': 2, 'batch': 512, 'ubatch': 256, 'fa': 'on', 'ctv': 'f16'} -> ok pp=103.704848
DONE -> /mnt/f/文献/AgentOps/实验记录/S8-llamaCpp调优/trials.csv rows: 300
