CAL start: pp=138.255179
N s1 t00 {'threads': 3, 'batch': 128, 'ubatch': 256, 'fa': 'on', 'ctv': 'f16'} -> ok pp=104.701135
M s1 t00 {'threads': 3, 'batch': 128, 'ubatch': 64, 'fa': 'on', 'ctv': 'f16'} -> ok pp=112.187982
A s1 t00 {'threads': 3, 'batch': 128, 'ubatch': 256, 'fa': 'on', 'ctv': 'f16'} -> ok pp=114.150063
N s1 t01 {'threads': 2, 'batch': 256, 'ubatch': 256, 'fa': 'off', 'ctv': 'q8_0'} -> failed pp=None
M s1 t01 {'threads': 2, 'batch': 512, 'ubatch': 64, 'fa': 'off', 'ctv': 'f16'} -> ok pp=80.101648
A s1 t01 {'threads': 2, 'batch': 256, 'ubatch': 256, 'fa': 'on', 'ctv': 'q8_0'} -> ok pp=74.592339
N s1 t02 {'threads': 4, 'batch': 128, 'ubatch': 64, 'fa': 'off', 'ctv': 'f16'} -> ok pp=116.506188
M s1 t02 {'threads': 3, 'batch': 256, 'ubatch': 64, 'fa': 'on', 'ctv': 'q8_0'} -> ok pp=138.69465
A s1 t02 {'threads': 4, 'batch': 128, 'ubatch': 64, 'fa': 'off', 'ctv': 'f16'} -> ok pp=174.844834
N s1 t03 {'threads': 3, 'batch': 256, 'ubatch': 128, 'fa': 'on', 'ctv': 'q8_0'} -> ok pp=137.057304
M s1 t03 {'threads': 4, 'batch': 512, 'ubatch': 64, 'fa': 'off', 'ctv': 'q8_0'} -> failed pp=None
A s1 t03 {'threads': 3, 'batch': 256, 'ubatch': 128, 'fa': 'on', 'ctv': 'q8_0'} -> ok pp=137.094708
N s1 t04 {'threads': 4, 'batch': 256, 'ubatch': 128, 'fa': 'off', 'ctv': 'f16'} -> ok pp=181.891707
M s1 t04 {'threads': 4, 'batch': 512, 'ubatch': 256, 'fa': 'on', 'ctv': 'q8_0'} -> ok pp=108.116542
A s1 t04 {'threads': 4, 'batch': 256, 'ubatch': 128, 'fa': 'off', 'ctv': 'f16'} -> ok pp=146.634373
N s1 t05 {'threads': 4, 'batch': 256, 'ubatch': 128, 'fa': 'off', 'ctv': 'f16'} -> ok pp=171.518526
M s1 t05 {'threads': 3, 'batch': 256, 'ubatch': 64, 'fa': 'on', 'ctv': 'f16'} -> ok pp=109.266011
A s1 t05 {'threads': 4, 'batch': 128, 'ubatch': 64, 'fa': 'off', 'ctv': 'f16'} -> ok pp=171.281128
N s1 t06 {'threads': 4, 'batch': 512, 'ubatch': 256, 'fa': 'off', 'ctv': 'f16'} -> ok pp=173.059017
M s1 t06 {'threads': 2, 'batch': 256, 'ubatch': 64, 'fa': 'on', 'ctv': 'q8_0'} -> ok pp=91.09987
A s1 t06 {'threads': 3, 'batch': 512, 'ubatch': 64, 'fa': 'on', 'ctv': 'q8_0'} -> ok pp=135.412503
N s1 t07 {'threads': 2, 'batch': 256, 'ubatch': 128, 'fa': 'on', 'ctv': 'f16'} -> ok pp=100.757123
M s1 t07 {'threads': 3, 'batch': 256, 'ubatch': 128, 'fa': 'on', 'ctv': 'q8_0'} -> ok pp=135.557869
A s1 t07 {'threads': 2, 'batch': 256, 'ubatch': 64, 'fa': 'on', 'ctv': 'f16'} -> ok pp=99.1591
N s1 t08 {'threads': 4, 'batch': 512, 'ubatch': 128, 'fa': 'off', 'ctv': 'q8_0'} -> failed pp=None
M s1 t08 {'threads': 3, 'batch': 256, 'ubatch': 256, 'fa': 'off', 'ctv': 'q8_0'} -> failed pp=None
A s1 t08 {'threads': 4, 'batch': 512, 'ubatch': 256, 'fa': 'off', 'ctv': 'f16'} -> ok pp=164.978898
N s1 t09 {'threads': 3, 'batch': 256, 'ubatch': 64, 'fa': 'off', 'ctv': 'f16'} -> ok pp=119.227056
M s1 t09 {'threads': 3, 'batch': 128, 'ubatch': 64, 'fa': 'on', 'ctv': 'q8_0'} -> ok pp=133.632781
A s1 t09 {'threads': 4, 'batch': 128, 'ubatch': 128, 'fa': 'on', 'ctv': 'q8_0'} -> ok pp=161.476642
N s1 t10 {'threads': 2, 'batch': 128, 'ubatch': 128, 'fa': 'off', 'ctv': 'f16'} -> ok pp=96.096575
M s1 t10 {'threads': 3, 'batch': 512, 'ubatch': 128, 'fa': 'off', 'ctv': 'f16'} -> ok pp=132.815781
A s1 t10 {'threads': 2, 'batch': 128, 'ubatch': 128, 'fa': 'off', 'ctv': 'f16'} -> ok pp=76.508961
N s1 t11 {'threads': 4, 'batch': 512, 'ubatch': 256, 'fa': 'off', 'ctv': 'f16'} -> ok pp=144.886473
M s1 t11 {'threads': 3, 'batch': 256, 'ubatch': 128, 'fa': 'on', 'ctv': 'q8_0'} -> ok pp=120.308898
A s1 t11 {'threads': 4, 'batch': 128, 'ubatch': 64, 'fa': 'off', 'ctv': 'f16'} -> ok pp=122.829421
N s1 t12 {'threads': 4, 'batch': 512, 'ubatch': 128, 'fa': 'on', 'ctv': 'f16'} -> ok pp=162.418778
M s1 t12 {'threads': 2, 'batch': 512, 'ubatch': 128, 'fa': 'on', 'ctv': 'q8_0'} -> ok pp=73.908109
A s1 t12 {'threads': 4, 'batch': 128, 'ubatch': 64, 'fa': 'on', 'ctv': 'f16'} -> ok pp=75.461594
N s1 t13 {'threads': 3, 'batch': 512, 'ubatch': 128, 'fa': 'off', 'ctv': 'f16'} -> ok pp=93.565743
M s1 t13 {'threads': 3, 'batch': 256, 'ubatch': 64, 'fa': 'on', 'ctv': 'q8_0'} -> ok pp=55.903268
A s1 t13 {'threads': 3, 'batch': 256, 'ubatch': 64, 'fa': 'off', 'ctv': 'f16'} -> ok pp=71.675975
N s1 t14 {'threads': 4, 'batch': 256, 'ubatch': 256, 'fa': 'off', 'ctv': 'f16'} -> ok pp=72.407415
M s1 t14 {'threads': 4, 'batch': 256, 'ubatch': 128, 'fa': 'on', 'ctv': 'f16'} -> ok pp=72.170564
A s1 t14 {'threads': 4, 'batch': 128, 'ubatch': 64, 'fa': 'on', 'ctv': 'q8_0'} -> ok pp=60.207525
N s1 t15 {'threads': 4, 'batch': 256, 'ubatch': 64, 'fa': 'on', 'ctv': 'q8_0'} -> ok pp=59.490176
M s1 t15 {'threads': 2, 'batch': 256, 'ubatch': 128, 'fa': 'off', 'ctv': 'q8_0'} -> failed pp=None
A s1 t15 {'threads': 4, 'batch': 512, 'ubatch': 64, 'fa': 'off', 'ctv': 'f16'} -> ok pp=47.896249
N s1 t16 {'threads': 4, 'batch': 512, 'ubatch': 64, 'fa': 'off', 'ctv': 'f16'} -> ok pp=57.112291
M s1 t16 {'threads': 3, 'batch': 256, 'ubatch': 256, 'fa': 'on', 'ctv': 'q8_0'} -> ok pp=67.807459
A s1 t16 {'threads': 2, 'batch': 128, 'ubatch': 64, 'fa': 'off', 'ctv': 'f16'} -> ok pp=79.932966
N s1 t17 {'threads': 3, 'batch': 512, 'ubatch': 256, 'fa': 'off', 'ctv': 'q8_0'} -> failed pp=None
M s1 t17 {'threads': 3, 'batch': 128, 'ubatch': 128, 'fa': 'off', 'ctv': 'q8_0'} -> failed pp=None
A s1 t17 {'threads': 4, 'batch': 128, 'ubatch': 256, 'fa': 'off', 'ctv': 'f16'} -> ok pp=39.950537
N s1 t18 {'threads': 2, 'batch': 512, 'ubatch': 256, 'fa': 'on', 'ctv': 'f16'} -> ok pp=67.976106
M s1 t18 {'threads': 4, 'batch': 256, 'ubatch': 128, 'fa': 'on', 'ctv': 'q8_0'} -> ok pp=94.848306
A s1 t18 {'threads': 4, 'batch': 512, 'ubatch': 256, 'fa': 'on', 'ctv': 'q8_0'} -> ok pp=132.169075
N s1 t19 {'threads': 4, 'batch': 128, 'ubatch': 256, 'fa': 'on', 'ctv': 'q8_0'} -> ok pp=105.192096
M s1 t19 {'threads': 3, 'batch': 512, 'ubatch': 64, 'fa': 'on', 'ctv': 'q8_0'} -> ok pp=108.844305
A s1 t19 {'threads': 3, 'batch': 128, 'ubatch': 64, 'fa': 'off', 'ctv': 'f16'} -> ok pp=117.751641
CAL after-seed1  (60 trials): pp=142.416904
N s2 t00 {'threads': 4, 'batch': 128, 'ubatch': 128, 'fa': 'off', 'ctv': 'f16'} -> ok pp=117.501058
M s2 t00 {'threads': 4, 'batch': 128, 'ubatch': 128, 'fa': 'off', 'ctv': 'f16'} -> ok pp=107.12606
A s2 t00 {'threads': 4, 'batch': 128, 'ubatch': 128, 'fa': 'off', 'ctv': 'f16'} -> ok pp=128.657033
N s2 t01 {'threads': 4, 'batch': 128, 'ubatch': 128, 'fa': 'on', 'ctv': 'q8_0'} -> ok pp=123.77652
M s2 t01 {'threads': 4, 'batch': 128, 'ubatch': 128, 'fa': 'on', 'ctv': 'q8_0'} -> ok pp=82.923866
A s2 t01 {'threads': 4, 'batch': 128, 'ubatch': 128, 'fa': 'on', 'ctv': 'q8_0'} -> ok pp=91.16307
N s2 t02 {'threads': 2, 'batch': 256, 'ubatch': 64, 'fa': 'off', 'ctv': 'f16'} -> ok pp=88.574352
M s2 t02 {'threads': 2, 'batch': 256, 'ubatch': 64, 'fa': 'off', 'ctv': 'f16'} -> ok pp=84.474113
A s2 t02 {'threads': 2, 'batch': 256, 'ubatch': 64, 'fa': 'off', 'ctv': 'f16'} -> ok pp=92.287141
N s2 t03 {'threads': 3, 'batch': 128, 'ubatch': 256, 'fa': 'off', 'ctv': 'f16'} -> ok pp=108.032859
M s2 t03 {'threads': 3, 'batch': 128, 'ubatch': 128, 'fa': 'off', 'ctv': 'f16'} -> ok pp=132.017905
A s2 t03 {'threads': 3, 'batch': 128, 'ubatch': 256, 'fa': 'off', 'ctv': 'f16'} -> ok pp=104.305344
N s2 t04 {'threads': 3, 'batch': 256, 'ubatch': 64, 'fa': 'off', 'ctv': 'q8_0'} -> failed pp=None
M s2 t04 {'threads': 2, 'batch': 256, 'ubatch': 64, 'fa': 'off', 'ctv': 'f16'} -> ok pp=94.005927
A s2 t04 {'threads': 3, 'batch': 256, 'ubatch': 64, 'fa': 'on', 'ctv': 'q8_0'} -> ok pp=128.692169
N s2 t05 {'threads': 4, 'batch': 128, 'ubatch': 128, 'fa': 'on', 'ctv': 'q8_0'} -> ok pp=130.620214
M s2 t05 {'threads': 3, 'batch': 128, 'ubatch': 128, 'fa': 'off', 'ctv': 'f16'} -> ok pp=117.742821
A s2 t05 {'threads': 3, 'batch': 256, 'ubatch': 64, 'fa': 'on', 'ctv': 'q8_0'} -> ok pp=117.621193
N s2 t06 {'threads': 2, 'batch': 512, 'ubatch': 128, 'fa': 'on', 'ctv': 'q8_0'} -> ok pp=92.473407
M s2 t06 {'threads': 3, 'batch': 512, 'ubatch': 256, 'fa': 'on', 'ctv': 'f16'} -> ok pp=123.927012
A s2 t06 {'threads': 2, 'batch': 256, 'ubatch': 256, 'fa': 'on', 'ctv': 'q8_0'} -> ok pp=89.076973
N s2 t07 {'threads': 3, 'batch': 128, 'ubatch': 256, 'fa': 'on', 'ctv': 'q8_0'} -> ok pp=67.222167
M s2 t07 {'threads': 3, 'batch': 256, 'ubatch': 256, 'fa': 'off', 'ctv': 'q8_0'} -> failed pp=None
A s2 t07 {'threads': 3, 'batch': 512, 'ubatch': 64, 'fa': 'on', 'ctv': 'q8_0'} -> ok pp=57.885268
N s2 t08 {'threads': 4, 'batch': 512, 'ubatch': 128, 'fa': 'off', 'ctv': 'q8_0'} -> failed pp=None
M s2 t08 {'threads': 3, 'batch': 128, 'ubatch': 64, 'fa': 'on', 'ctv': 'f16'} -> ok pp=81.982356
A s2 t08 {'threads': 3, 'batch': 128, 'ubatch': 64, 'fa': 'on', 'ctv': 'q8_0'} -> ok pp=51.911025
N s2 t09 {'threads': 4, 'batch': 512, 'ubatch': 256, 'fa': 'on', 'ctv': 'f16'} -> ok pp=66.289215
M s2 t09 {'threads': 3, 'batch': 128, 'ubatch': 128, 'fa': 'on', 'ctv': 'q8_0'} -> ok pp=72.215044
A s2 t09 {'threads': 3, 'batch': 256, 'ubatch': 64, 'fa': 'on', 'ctv': 'f16'} -> ok pp=105.266967
N s2 t10 {'threads': 2, 'batch': 128, 'ubatch': 64, 'fa': 'on', 'ctv': 'q8_0'} -> ok pp=86.100949
M s2 t10 {'threads': 2, 'batch': 128, 'ubatch': 64, 'fa': 'on', 'ctv': 'f16'} -> ok pp=94.336518
A s2 t10 {'threads': 2, 'batch': 256, 'ubatch': 128, 'fa': 'on', 'ctv': 'q8_0'} -> ok pp=85.33789
N s2 t11 {'threads': 4, 'batch': 128, 'ubatch': 128, 'fa': 'on', 'ctv': 'q8_0'} -> ok pp=63.892547
M s2 t11 {'threads': 3, 'batch': 512, 'ubatch': 128, 'fa': 'on', 'ctv': 'f16'} -> ok pp=113.438405
A s2 t11 {'threads': 4, 'batch': 128, 'ubatch': 128, 'fa': 'off', 'ctv': 'f16'} -> ok pp=74.145059
N s2 t12 {'threads': 4, 'batch': 256, 'ubatch': 128, 'fa': 'on', 'ctv': 'q8_0'} -> ok pp=92.902964
M s2 t12 {'threads': 4, 'batch': 512, 'ubatch': 256, 'fa': 'on', 'ctv': 'f16'} -> ok pp=131.286986
A s2 t12 {'threads': 4, 'batch': 256, 'ubatch': 256, 'fa': 'off', 'ctv': 'f16'} -> ok pp=89.455274
N s2 t13 {'threads': 3, 'batch': 128, 'ubatch': 128, 'fa': 'on', 'ctv': 'f16'} -> ok pp=130.320984
M s2 t13 {'threads': 4, 'batch': 512, 'ubatch': 256, 'fa': 'on', 'ctv': 'f16'} -> ok pp=124.765845
A s2 t13 {'threads': 4, 'batch': 512, 'ubatch': 128, 'fa': 'on', 'ctv': 'q8_0'} -> ok pp=116.070139
N s2 t14 {'threads': 3, 'batch': 512, 'ubatch': 128, 'fa': 'on', 'ctv': 'f16'} -> ok pp=130.366988
M s2 t14 {'threads': 4, 'batch': 512, 'ubatch': 256, 'fa': 'off', 'ctv': 'q8_0'} -> failed pp=None
A s2 t14 {'threads': 4, 'batch': 128, 'ubatch': 64, 'fa': 'off', 'ctv': 'f16'} -> ok pp=134.361366
N s2 t15 {'threads': 3, 'batch': 512, 'ubatch': 128, 'fa': 'on', 'ctv': 'f16'} -> ok pp=136.760991
M s2 t15 {'threads': 4, 'batch': 256, 'ubatch': 256, 'fa': 'off', 'ctv': 'f16'} -> ok pp=148.41381
A s2 t15 {'threads': 4, 'batch': 128, 'ubatch': 64, 'fa': 'on', 'ctv': 'f16'} -> ok pp=136.614669
N s2 t16 {'threads': 3, 'batch': 512, 'ubatch': 128, 'fa': 'off', 'ctv': 'f16'} -> ok pp=113.351446
M s2 t16 {'threads': 4, 'batch': 256, 'ubatch': 256, 'fa': 'off', 'ctv': 'f16'} -> ok pp=148.644224
A s2 t16 {'threads': 2, 'batch': 128, 'ubatch': 64, 'fa': 'on', 'ctv': 'f16'} -> ok pp=95.701168
N s2 t17 {'threads': 3, 'batch': 256, 'ubatch': 64, 'fa': 'on', 'ctv': 'f16'} -> ok pp=126.848256
M s2 t17 {'threads': 4, 'batch': 256, 'ubatch': 256, 'fa': 'off', 'ctv': 'f16'} -> ok pp=133.656399
A s2 t17 {'threads': 4, 'batch': 128, 'ubatch': 64, 'fa': 'on', 'ctv': 'f16'} -> ok pp=114.835515
N s2 t18 {'threads': 4, 'batch': 128, 'ubatch': 64, 'fa': 'on', 'ctv': 'f16'} -> ok pp=142.038656
M s2 t18 {'threads': 4, 'batch': 512, 'ubatch': 64, 'fa': 'off', 'ctv': 'f16'} -> ok pp=82.364919
A s2 t18 {'threads': 4, 'batch': 128, 'ubatch': 64, 'fa': 'off', 'ctv': 'f16'} -> ok pp=140.841616
N s2 t19 {'threads': 4, 'batch': 128, 'ubatch': 64, 'fa': 'on', 'ctv': 'f16'} -> ok pp=142.244381
M s2 t19 {'threads': 4, 'batch': 256, 'ubatch': 256, 'fa': 'on', 'ctv': 'q8_0'} -> ok pp=108.859973
A s2 t19 {'threads': 4, 'batch': 512, 'ubatch': 64, 'fa': 'on', 'ctv': 'f16'} -> ok pp=147.902927
CAL after-seed2  (120 trials): pp=115.142787
N s3 t00 {'threads': 3, 'batch': 512, 'ubatch': 128, 'fa': 'on', 'ctv': 'q8_0'} -> ok pp=121.123567
M s3 t00 {'threads': 3, 'batch': 512, 'ubatch': 128, 'fa': 'on', 'ctv': 'q8_0'} -> ok pp=125.165735
A s3 t00 {'threads': 3, 'batch': 512, 'ubatch': 128, 'fa': 'on', 'ctv': 'q8_0'} -> ok pp=126.113798
N s3 t01 {'threads': 3, 'batch': 256, 'ubatch': 256, 'fa': 'on', 'ctv': 'q8_0'} -> ok pp=123.264457
M s3 t01 {'threads': 3, 'batch': 256, 'ubatch': 256, 'fa': 'on', 'ctv': 'q8_0'} -> ok pp=119.285725
A s3 t01 {'threads': 3, 'batch': 256, 'ubatch': 256, 'fa': 'on', 'ctv': 'q8_0'} -> ok pp=125.869236
N s3 t02 {'threads': 4, 'batch': 256, 'ubatch': 64, 'fa': 'off', 'ctv': 'f16'} -> ok pp=132.634042
M s3 t02 {'threads': 4, 'batch': 256, 'ubatch': 64, 'fa': 'off', 'ctv': 'f16'} -> ok pp=140.087168
A s3 t02 {'threads': 4, 'batch': 256, 'ubatch': 64, 'fa': 'off', 'ctv': 'f16'} -> ok pp=140.668174
N s3 t03 {'threads': 4, 'batch': 512, 'ubatch': 64, 'fa': 'off', 'ctv': 'f16'} -> ok pp=129.06129
M s3 t03 {'threads': 4, 'batch': 512, 'ubatch': 64, 'fa': 'off', 'ctv': 'f16'} -> ok pp=100.472351
A s3 t03 {'threads': 4, 'batch': 512, 'ubatch': 64, 'fa': 'off', 'ctv': 'f16'} -> ok pp=140.041004
N s3 t04 {'threads': 2, 'batch': 512, 'ubatch': 64, 'fa': 'on', 'ctv': 'f16'} -> ok pp=95.680728
M s3 t04 {'threads': 2, 'batch': 512, 'ubatch': 64, 'fa': 'on', 'ctv': 'f16'} -> ok pp=95.797409
A s3 t04 {'threads': 2, 'batch': 512, 'ubatch': 64, 'fa': 'on', 'ctv': 'f16'} -> ok pp=94.591362
N s3 t05 {'threads': 4, 'batch': 256, 'ubatch': 128, 'fa': 'off', 'ctv': 'f16'} -> ok pp=101.664143
M s3 t05 {'threads': 4, 'batch': 256, 'ubatch': 128, 'fa': 'off', 'ctv': 'f16'} -> ok pp=144.282748
A s3 t05 {'threads': 4, 'batch': 256, 'ubatch': 128, 'fa': 'off', 'ctv': 'f16'} -> ok pp=145.082779
N s3 t06 {'threads': 4, 'batch': 256, 'ubatch': 64, 'fa': 'off', 'ctv': 'q8_0'} -> failed pp=None
M s3 t06 {'threads': 4, 'batch': 256, 'ubatch': 128, 'fa': 'off', 'ctv': 'q8_0'} -> failed pp=None
A s3 t06 {'threads': 4, 'batch': 256, 'ubatch': 128, 'fa': 'on', 'ctv': 'q8_0'} -> ok pp=135.229642
N s3 t07 {'threads': 2, 'batch': 256, 'ubatch': 64, 'fa': 'off', 'ctv': 'f16'} -> ok pp=90.786311
M s3 t07 {'threads': 2, 'batch': 256, 'ubatch': 128, 'fa': 'off', 'ctv': 'f16'} -> ok pp=90.249815
A s3 t07 {'threads': 2, 'batch': 256, 'ubatch': 128, 'fa': 'off', 'ctv': 'f16'} -> ok pp=90.765266
N s3 t08 {'threads': 3, 'batch': 256, 'ubatch': 256, 'fa': 'off', 'ctv': 'f16'} -> ok pp=104.409664
M s3 t08 {'threads': 4, 'batch': 256, 'ubatch': 128, 'fa': 'on', 'ctv': 'f16'} -> ok pp=120.620265
A s3 t08 {'threads': 4, 'batch': 256, 'ubatch': 128, 'fa': 'on', 'ctv': 'f16'} -> ok pp=148.240687
N s3 t09 {'threads': 4, 'batch': 256, 'ubatch': 64, 'fa': 'on', 'ctv': 'f16'} -> ok pp=144.704409
M s3 t09 {'threads': 3, 'batch': 256, 'ubatch': 256, 'fa': 'off', 'ctv': 'f16'} -> ok pp=128.182635
A s3 t09 {'threads': 4, 'batch': 256, 'ubatch': 256, 'fa': 'on', 'ctv': 'f16'} -> ok pp=153.235889
N s3 t10 {'threads': 4, 'batch': 128, 'ubatch': 64, 'fa': 'on', 'ctv': 'f16'} -> ok pp=142.177815
M s3 t10 {'threads': 4, 'batch': 128, 'ubatch': 128, 'fa': 'off', 'ctv': 'f16'} -> ok pp=144.861313
A s3 t10 {'threads': 4, 'batch': 128, 'ubatch': 256, 'fa': 'on', 'ctv': 'f16'} -> ok pp=150.859098
N s3 t11 {'threads': 4, 'batch': 128, 'ubatch': 64, 'fa': 'on', 'ctv': 'f16'} -> ok pp=146.814633
M s3 t11 {'threads': 4, 'batch': 128, 'ubatch': 128, 'fa': 'off', 'ctv': 'f16'} -> ok pp=147.655289
A s3 t11 {'threads': 4, 'batch': 128, 'ubatch': 256, 'fa': 'on', 'ctv': 'f16'} -> ok pp=151.090487
N s3 t12 {'threads': 4, 'batch': 256, 'ubatch': 256, 'fa': 'on', 'ctv': 'f16'} -> ok pp=126.026637
M s3 t12 {'threads': 4, 'batch': 128, 'ubatch': 128, 'fa': 'off', 'ctv': 'f16'} -> ok pp=143.174147
A s3 t12 {'threads': 2, 'batch': 256, 'ubatch': 256, 'fa': 'on', 'ctv': 'f16'} -> ok pp=96.962219
N s3 t13 {'threads': 3, 'batch': 256, 'ubatch': 64, 'fa': 'on', 'ctv': 'f16'} -> ok pp=136.289568
M s3 t13 {'threads': 4, 'batch': 128, 'ubatch': 64, 'fa': 'on', 'ctv': 'f16'} -> ok pp=145.139189
A s3 t13 {'threads': 4, 'batch': 128, 'ubatch': 64, 'fa': 'on', 'ctv': 'q8_0'} -> ok pp=134.792315
N s3 t14 {'threads': 4, 'batch': 256, 'ubatch': 64, 'fa': 'on', 'ctv': 'f16'} -> ok pp=147.342185
M s3 t14 {'threads': 4, 'batch': 128, 'ubatch': 64, 'fa': 'on', 'ctv': 'f16'} -> ok pp=147.082549
A s3 t14 {'threads': 4, 'batch': 256, 'ubatch': 256, 'fa': 'on', 'ctv': 'f16'} -> ok pp=155.366175
N s3 t15 {'threads': 4, 'batch': 128, 'ubatch': 128, 'fa': 'on', 'ctv': 'q8_0'} -> ok pp=134.980368
M s3 t15 {'threads': 3, 'batch': 128, 'ubatch': 64, 'fa': 'on', 'ctv': 'f16'} -> ok pp=136.559496
A s3 t15 {'threads': 4, 'batch': 256, 'ubatch': 256, 'fa': 'on', 'ctv': 'f16'} -> ok pp=155.59709
N s3 t16 {'threads': 4, 'batch': 512, 'ubatch': 64, 'fa': 'on', 'ctv': 'q8_0'} -> ok pp=118.758295
M s3 t16 {'threads': 4, 'batch': 128, 'ubatch': 64, 'fa': 'on', 'ctv': 'q8_0'} -> ok pp=136.354901
A s3 t16 {'threads': 4, 'batch': 512, 'ubatch': 256, 'fa': 'on', 'ctv': 'q8_0'} -> ok pp=136.478459
N s3 t17 {'threads': 4, 'batch': 512, 'ubatch': 128, 'fa': 'on', 'ctv': 'f16'} -> ok pp=152.081589
M s3 t17 {'threads': 3, 'batch': 512, 'ubatch': 128, 'fa': 'off', 'ctv': 'f16'} -> ok pp=133.290542
A s3 t17 {'threads': 3, 'batch': 256, 'ubatch': 64, 'fa': 'on', 'ctv': 'f16'} -> ok pp=137.501107
N s3 t18 {'threads': 4, 'batch': 512, 'ubatch': 128, 'fa': 'on', 'ctv': 'f16'} -> ok pp=150.053243
M s3 t18 {'threads': 2, 'batch': 128, 'ubatch': 64, 'fa': 'off', 'ctv': 'q8_0'} -> failed pp=None
A s3 t18 {'threads': 3, 'batch': 256, 'ubatch': 256, 'fa': 'off', 'ctv': 'f16'} -> ok pp=133.780396
N s3 t19 {'threads': 4, 'batch': 512, 'ubatch': 128, 'fa': 'on', 'ctv': 'f16'} -> ok pp=150.171094
M s3 t19 {'threads': 4, 'batch': 128, 'ubatch': 128, 'fa': 'off', 'ctv': 'f16'} -> ok pp=143.460551
A s3 t19 {'threads': 2, 'batch': 128, 'ubatch': 64, 'fa': 'on', 'ctv': 'q8_0'} -> ok pp=88.245736
CAL after-seed3  (180 trials): pp=151.906794
N s4 t00 {'threads': 4, 'batch': 128, 'ubatch': 64, 'fa': 'off', 'ctv': 'q8_0'} -> failed pp=None
M s4 t00 {'threads': 4, 'batch': 128, 'ubatch': 64, 'fa': 'off', 'ctv': 'q8_0'} -> failed pp=None
A s4 t00 {'threads': 4, 'batch': 128, 'ubatch': 64, 'fa': 'on', 'ctv': 'q8_0'} -> ok pp=137.247603
N s4 t01 {'threads': 2, 'batch': 256, 'ubatch': 64, 'fa': 'off', 'ctv': 'f16'} -> ok pp=87.825957
M s4 t01 {'threads': 2, 'batch': 256, 'ubatch': 64, 'fa': 'off', 'ctv': 'f16'} -> ok pp=79.652139
A s4 t01 {'threads': 2, 'batch': 256, 'ubatch': 64, 'fa': 'off', 'ctv': 'f16'} -> ok pp=82.224277
N s4 t02 {'threads': 4, 'batch': 512, 'ubatch': 64, 'fa': 'on', 'ctv': 'f16'} -> ok pp=103.851305
M s4 t02 {'threads': 4, 'batch': 512, 'ubatch': 64, 'fa': 'on', 'ctv': 'f16'} -> ok pp=100.702966
A s4 t02 {'threads': 4, 'batch': 512, 'ubatch': 64, 'fa': 'on', 'ctv': 'f16'} -> ok pp=131.88861
N s4 t03 {'threads': 2, 'batch': 128, 'ubatch': 128, 'fa': 'off', 'ctv': 'f16'} -> ok pp=88.997679
M s4 t03 {'threads': 2, 'batch': 128, 'ubatch': 128, 'fa': 'off', 'ctv': 'f16'} -> ok pp=89.763145
A s4 t03 {'threads': 2, 'batch': 128, 'ubatch': 128, 'fa': 'off', 'ctv': 'f16'} -> ok pp=94.935446
N s4 t04 {'threads': 2, 'batch': 256, 'ubatch': 256, 'fa': 'on', 'ctv': 'q8_0'} -> ok pp=78.947725
M s4 t04 {'threads': 2, 'batch': 256, 'ubatch': 256, 'fa': 'on', 'ctv': 'q8_0'} -> ok pp=86.793683
A s4 t04 {'threads': 2, 'batch': 256, 'ubatch': 256, 'fa': 'on', 'ctv': 'q8_0'} -> ok pp=87.20238
N s4 t05 {'threads': 4, 'batch': 512, 'ubatch': 64, 'fa': 'on', 'ctv': 'f16'} -> ok pp=130.700201
M s4 t05 {'threads': 4, 'batch': 512, 'ubatch': 64, 'fa': 'on', 'ctv': 'f16'} -> ok pp=148.376715
A s4 t05 {'threads': 4, 'batch': 128, 'ubatch': 64, 'fa': 'on', 'ctv': 'q8_0'} -> ok pp=135.665034
N s4 t06 {'threads': 3, 'batch': 512, 'ubatch': 256, 'fa': 'on', 'ctv': 'f16'} -> ok pp=124.621614
M s4 t06 {'threads': 3, 'batch': 512, 'ubatch': 256, 'fa': 'on', 'ctv': 'f16'} -> ok pp=135.315737
A s4 t06 {'threads': 3, 'batch': 128, 'ubatch': 256, 'fa': 'on', 'ctv': 'q8_0'} -> ok pp=117.592942
N s4 t07 {'threads': 4, 'batch': 512, 'ubatch': 128, 'fa': 'on', 'ctv': 'q8_0'} -> ok pp=123.711534
M s4 t07 {'threads': 4, 'batch': 512, 'ubatch': 128, 'fa': 'on', 'ctv': 'q8_0'} -> ok pp=139.220164
A s4 t07 {'threads': 4, 'batch': 512, 'ubatch': 128, 'fa': 'on', 'ctv': 'q8_0'} -> ok pp=131.862028
N s4 t08 {'threads': 4, 'batch': 256, 'ubatch': 128, 'fa': 'on', 'ctv': 'f16'} -> ok pp=135.934482
M s4 t08 {'threads': 4, 'batch': 256, 'ubatch': 128, 'fa': 'on', 'ctv': 'f16'} -> ok pp=150.602631
A s4 t08 {'threads': 4, 'batch': 128, 'ubatch': 128, 'fa': 'on', 'ctv': 'q8_0'} -> ok pp=139.353256
N s4 t09 {'threads': 4, 'batch': 256, 'ubatch': 128, 'fa': 'on', 'ctv': 'f16'} -> ok pp=141.292471
M s4 t09 {'threads': 4, 'batch': 256, 'ubatch': 128, 'fa': 'on', 'ctv': 'f16'} -> ok pp=151.006667
A s4 t09 {'threads': 4, 'batch': 128, 'ubatch': 128, 'fa': 'on', 'ctv': 'q8_0'} -> ok pp=140.823447
N s4 t10 {'threads': 3, 'batch': 256, 'ubatch': 128, 'fa': 'on', 'ctv': 'q8_0'} -> ok pp=120.855848
M s4 t10 {'threads': 3, 'batch': 256, 'ubatch': 128, 'fa': 'on', 'ctv': 'q8_0'} -> ok pp=125.996145
A s4 t10 {'threads': 3, 'batch': 256, 'ubatch': 128, 'fa': 'on', 'ctv': 'f16'} -> ok pp=138.761999
N s4 t11 {'threads': 4, 'batch': 256, 'ubatch': 128, 'fa': 'on', 'ctv': 'f16'} -> ok pp=150.506085
M s4 t11 {'threads': 4, 'batch': 256, 'ubatch': 128, 'fa': 'on', 'ctv': 'f16'} -> ok pp=151.656585
A s4 t11 {'threads': 4, 'batch': 128, 'ubatch': 128, 'fa': 'on', 'ctv': 'q8_0'} -> ok pp=137.910481
N s4 t12 {'threads': 4, 'batch': 256, 'ubatch': 128, 'fa': 'off', 'ctv': 'f16'} -> ok pp=141.281725
M s4 t12 {'threads': 4, 'batch': 256, 'ubatch': 128, 'fa': 'off', 'ctv': 'f16'} -> ok pp=144.410026
A s4 t12 {'threads': 4, 'batch': 128, 'ubatch': 256, 'fa': 'on', 'ctv': 'f16'} -> ok pp=149.088102
N s4 t13 {'threads': 4, 'batch': 128, 'ubatch': 128, 'fa': 'on', 'ctv': 'f16'} -> ok pp=151.363564
M s4 t13 {'threads': 4, 'batch': 128, 'ubatch': 128, 'fa': 'on', 'ctv': 'f16'} -> ok pp=149.250816
A s4 t13 {'threads': 4, 'batch': 128, 'ubatch': 256, 'fa': 'on', 'ctv': 'f16'} -> ok pp=154.163764
N s4 t14 {'threads': 3, 'batch': 128, 'ubatch': 128, 'fa': 'on', 'ctv': 'f16'} -> ok pp=139.796752
M s4 t14 {'threads': 2, 'batch': 256, 'ubatch': 128, 'fa': 'on', 'ctv': 'f16'} -> ok pp=98.729615
A s4 t14 {'threads': 4, 'batch': 128, 'ubatch': 256, 'fa': 'on', 'ctv': 'f16'} -> ok pp=149.337838
N s4 t15 {'threads': 4, 'batch': 128, 'ubatch': 128, 'fa': 'on', 'ctv': 'f16'} -> ok pp=87.811893
M s4 t15 {'threads': 3, 'batch': 256, 'ubatch': 128, 'fa': 'on', 'ctv': 'f16'} -> ok pp=140.962175
A s4 t15 {'threads': 3, 'batch': 512, 'ubatch': 256, 'fa': 'on', 'ctv': 'f16'} -> ok pp=140.775215
N s4 t16 {'threads': 4, 'batch': 128, 'ubatch': 256, 'fa': 'on', 'ctv': 'f16'} -> ok pp=153.25329
M s4 t16 {'threads': 4, 'batch': 256, 'ubatch': 256, 'fa': 'on', 'ctv': 'f16'} -> ok pp=156.989162
A s4 t16 {'threads': 4, 'batch': 256, 'ubatch': 256, 'fa': 'off', 'ctv': 'f16'} -> ok pp=149.122084
N s4 t17 {'threads': 4, 'batch': 128, 'ubatch': 256, 'fa': 'on', 'ctv': 'f16'} -> ok pp=100.010789
M s4 t17 {'threads': 4, 'batch': 256, 'ubatch': 256, 'fa': 'on', 'ctv': 'f16'} -> ok pp=144.870567
A s4 t17 {'threads': 3, 'batch': 128, 'ubatch': 64, 'fa': 'on', 'ctv': 'f16'} -> ok pp=136.671374
N s4 t18 {'threads': 4, 'batch': 128, 'ubatch': 256, 'fa': 'off', 'ctv': 'f16'} -> ok pp=145.720709
M s4 t18 {'threads': 4, 'batch': 128, 'ubatch': 128, 'fa': 'off', 'ctv': 'f16'} -> ok pp=147.961202
A s4 t18 {'threads': 2, 'batch': 128, 'ubatch': 256, 'fa': 'on', 'ctv': 'f16'} -> ok pp=96.038708
N s4 t19 {'threads': 2, 'batch': 128, 'ubatch': 256, 'fa': 'on', 'ctv': 'f16'} -> ok pp=96.485472
M s4 t19 {'threads': 3, 'batch': 256, 'ubatch': 256, 'fa': 'off', 'ctv': 'f16'} -> ok pp=129.241103
A s4 t19 {'threads': 4, 'batch': 256, 'ubatch': 256, 'fa': 'on', 'ctv': 'f16'} -> ok pp=160.443597
CAL after-seed4  (240 trials): pp=152.43553
N s5 t00 {'threads': 3, 'batch': 128, 'ubatch': 64, 'fa': 'on', 'ctv': 'f16'} -> ok pp=134.389847
M s5 t00 {'threads': 3, 'batch': 128, 'ubatch': 64, 'fa': 'on', 'ctv': 'f16'} -> ok pp=137.665879
A s5 t00 {'threads': 3, 'batch': 128, 'ubatch': 64, 'fa': 'on', 'ctv': 'f16'} -> ok pp=131.954804
N s5 t01 {'threads': 3, 'batch': 512, 'ubatch': 128, 'fa': 'on', 'ctv': 'f16'} -> ok pp=140.68645
M s5 t01 {'threads': 3, 'batch': 512, 'ubatch': 128, 'fa': 'on', 'ctv': 'f16'} -> ok pp=138.269511
A s5 t01 {'threads': 3, 'batch': 512, 'ubatch': 128, 'fa': 'on', 'ctv': 'f16'} -> ok pp=139.603013
N s5 t02 {'threads': 3, 'batch': 512, 'ubatch': 128, 'fa': 'on', 'ctv': 'q8_0'} -> ok pp=127.22315
M s5 t02 {'threads': 3, 'batch': 512, 'ubatch': 128, 'fa': 'on', 'ctv': 'q8_0'} -> ok pp=126.019521
A s5 t02 {'threads': 3, 'batch': 512, 'ubatch': 128, 'fa': 'on', 'ctv': 'q8_0'} -> ok pp=127.973496
N s5 t03 {'threads': 2, 'batch': 256, 'ubatch': 128, 'fa': 'on', 'ctv': 'f16'} -> ok pp=97.370172
M s5 t03 {'threads': 2, 'batch': 256, 'ubatch': 128, 'fa': 'on', 'ctv': 'f16'} -> ok pp=97.547008
A s5 t03 {'threads': 2, 'batch': 256, 'ubatch': 128, 'fa': 'on', 'ctv': 'f16'} -> ok pp=96.938994
N s5 t04 {'threads': 4, 'batch': 256, 'ubatch': 64, 'fa': 'off', 'ctv': 'f16'} -> ok pp=113.924964
M s5 t04 {'threads': 4, 'batch': 256, 'ubatch': 64, 'fa': 'off', 'ctv': 'f16'} -> ok pp=133.239968
A s5 t04 {'threads': 4, 'batch': 256, 'ubatch': 64, 'fa': 'off', 'ctv': 'f16'} -> ok pp=138.095603
N s5 t05 {'threads': 3, 'batch': 512, 'ubatch': 256, 'fa': 'on', 'ctv': 'f16'} -> ok pp=141.873348
M s5 t05 {'threads': 3, 'batch': 512, 'ubatch': 256, 'fa': 'on', 'ctv': 'f16'} -> ok pp=138.515134
A s5 t05 {'threads': 3, 'batch': 512, 'ubatch': 256, 'fa': 'on', 'ctv': 'f16'} -> ok pp=139.659555
N s5 t06 {'threads': 4, 'batch': 512, 'ubatch': 256, 'fa': 'on', 'ctv': 'f16'} -> ok pp=158.87474
M s5 t06 {'threads': 4, 'batch': 512, 'ubatch': 256, 'fa': 'on', 'ctv': 'f16'} -> ok pp=127.675169
A s5 t06 {'threads': 4, 'batch': 512, 'ubatch': 256, 'fa': 'on', 'ctv': 'f16'} -> ok pp=158.313869
N s5 t07 {'threads': 4, 'batch': 512, 'ubatch': 256, 'fa': 'off', 'ctv': 'f16'} -> ok pp=130.005036
M s5 t07 {'threads': 3, 'batch': 512, 'ubatch': 256, 'fa': 'off', 'ctv': 'f16'} -> ok pp=134.785819
A s5 t07 {'threads': 4, 'batch': 512, 'ubatch': 256, 'fa': 'off', 'ctv': 'f16'} -> ok pp=149.793475
N s5 t08 {'threads': 4, 'batch': 256, 'ubatch': 256, 'fa': 'on', 'ctv': 'q8_0'} -> ok pp=113.053472
M s5 t08 {'threads': 3, 'batch': 256, 'ubatch': 256, 'fa': 'on', 'ctv': 'f16'} -> ok pp=140.411538
A s5 t08 {'threads': 4, 'batch': 256, 'ubatch': 256, 'fa': 'on', 'ctv': 'q8_0'} -> ok pp=139.909236
N s5 t09 {'threads': 4, 'batch': 128, 'ubatch': 256, 'fa': 'on', 'ctv': 'f16'} -> ok pp=136.387396
M s5 t09 {'threads': 3, 'batch': 256, 'ubatch': 128, 'fa': 'off', 'ctv': 'f16'} -> ok pp=113.998266
A s5 t09 {'threads': 4, 'batch': 128, 'ubatch': 256, 'fa': 'on', 'ctv': 'f16'} -> ok pp=138.654825
N s5 t10 {'threads': 4, 'batch': 512, 'ubatch': 64, 'fa': 'on', 'ctv': 'f16'} -> ok pp=69.89974
M s5 t10 {'threads': 3, 'batch': 256, 'ubatch': 256, 'fa': 'on', 'ctv': 'q8_0'} -> ok pp=103.673395
A s5 t10 {'threads': 4, 'batch': 512, 'ubatch': 64, 'fa': 'on', 'ctv': 'f16'} -> ok pp=115.938437
N s5 t11 {'threads': 2, 'batch': 512, 'ubatch': 256, 'fa': 'on', 'ctv': 'f16'} -> ok pp=98.698788
M s5 t11 {'threads': 3, 'batch': 256, 'ubatch': 256, 'fa': 'on', 'ctv': 'f16'} -> ok pp=144.112335
A s5 t11 {'threads': 4, 'batch': 512, 'ubatch': 256, 'fa': 'off', 'ctv': 'f16'} -> ok pp=162.30486
N s5 t12 {'threads': 3, 'batch': 512, 'ubatch': 256, 'fa': 'on', 'ctv': 'f16'} -> ok pp=144.737322
M s5 t12 {'threads': 3, 'batch': 256, 'ubatch': 256, 'fa': 'on', 'ctv': 'f16'} -> ok pp=146.562583
A s5 t12 {'threads': 4, 'batch': 512, 'ubatch': 256, 'fa': 'on', 'ctv': 'f16'} -> ok pp=172.125337
N s5 t13 {'threads': 4, 'batch': 512, 'ubatch': 256, 'fa': 'on', 'ctv': 'f16'} -> ok pp=169.871072
M s5 t13 {'threads': 4, 'batch': 128, 'ubatch': 128, 'fa': 'off', 'ctv': 'q8_0'} -> failed pp=None
A s5 t13 {'threads': 2, 'batch': 512, 'ubatch': 256, 'fa': 'on', 'ctv': 'q8_0'} -> ok pp=89.502013
N s5 t14 {'threads': 4, 'batch': 512, 'ubatch': 256, 'fa': 'on', 'ctv': 'f16'} -> ok pp=173.784454
M s5 t14 {'threads': 2, 'batch': 256, 'ubatch': 256, 'fa': 'off', 'ctv': 'f16'} -> ok pp=94.457786
A s5 t14 {'threads': 4, 'batch': 512, 'ubatch': 128, 'fa': 'on', 'ctv': 'q8_0'} -> ok pp=157.011907
N s5 t15 {'threads': 3, 'batch': 128, 'ubatch': 256, 'fa': 'off', 'ctv': 'q8_0'} -> failed pp=None
M s5 t15 {'threads': 2, 'batch': 128, 'ubatch': 64, 'fa': 'on', 'ctv': 'f16'} -> ok pp=98.234078
A s5 t15 {'threads': 2, 'batch': 128, 'ubatch': 256, 'fa': 'off', 'ctv': 'f16'} -> ok pp=95.947284
N s5 t16 {'threads': 2, 'batch': 128, 'ubatch': 128, 'fa': 'off', 'ctv': 'q8_0'} -> failed pp=None
M s5 t16 {'threads': 4, 'batch': 256, 'ubatch': 256, 'fa': 'on', 'ctv': 'f16'} -> ok pp=164.249101
A s5 t16 {'threads': 3, 'batch': 512, 'ubatch': 64, 'fa': 'on', 'ctv': 'q8_0'} -> ok pp=137.978495
N s5 t17 {'threads': 2, 'batch': 512, 'ubatch': 256, 'fa': 'off', 'ctv': 'q8_0'} -> failed pp=None
M s5 t17 {'threads': 4, 'batch': 256, 'ubatch': 64, 'fa': 'on', 'ctv': 'q8_0'} -> ok pp=158.097885
A s5 t17 {'threads': 3, 'batch': 256, 'ubatch': 256, 'fa': 'on', 'ctv': 'q8_0'} -> ok pp=134.374689
N s5 t18 {'threads': 4, 'batch': 512, 'ubatch': 256, 'fa': 'on', 'ctv': 'q8_0'} -> ok pp=157.444041
M s5 t18 {'threads': 4, 'batch': 256, 'ubatch': 64, 'fa': 'on', 'ctv': 'q8_0'} -> ok pp=156.155727
A s5 t18 {'threads': 4, 'batch': 512, 'ubatch': 128, 'fa': 'off', 'ctv': 'f16'} -> ok pp=167.709432
N s5 t19 {'threads': 4, 'batch': 256, 'ubatch': 256, 'fa': 'on', 'ctv': 'f16'} -> ok pp=172.002828
M s5 t19 {'threads': 4, 'batch': 256, 'ubatch': 128, 'fa': 'on', 'ctv': 'q8_0'} -> ok pp=157.358753
A s5 t19 {'threads': 2, 'batch': 512, 'ubatch': 128, 'fa': 'off', 'ctv': 'f16'} -> ok pp=96.610285
CAL after-seed5  (300 trials): pp=172.588346
DONE rows: 300
